AR oz3 behavioral "C:/Users/georgecuris/Desktop/Folders/FPGA/Projects/Current Projects/Subsystems/OZ-3/OZ3.vhd" sub00/vhpl25 1276499960
AR gen_latch_high behavioral "C:/Users/georgecuris/Desktop/Folders/FPGA/Projects/Current Projects/Systems/OZ-3_System/Gen_Latch_High.vhd" sub00/vhpl43 1276239886
AR genregfalling behavioral "C:/Users/georgecuris/Desktop/Folders/FPGA/Projects/Current Projects/Subsystems/OZ-3/GenRegFalling.vhd" sub00/vhpl03 1276499938
AR oz3_system behavioral "C:/Users/georgecuris/Desktop/Folders/FPGA/Projects/Current Projects/Systems/OZ-3_System/OZ3_System.vhd" sub00/vhpl37 1276499976
EN output_pin_cntl NULL "C:/Users/georgecuris/Desktop/Folders/FPGA/Projects/Current Projects/Subsystems/OZ-3/output_pin_cntl.vhd" sub00/vhpl22 1276499957
AR input_port_mux behavioral "C:/Users/georgecuris/Desktop/Folders/FPGA/Projects/Current Projects/Systems/OZ-3_System/Input_Port_MUX.vhd" sub00/vhpl39 1276499968
AR regfile behavioral "C:/Users/georgecuris/Desktop/Folders/FPGA/Projects/Current Projects/Subsystems/OZ-3/RegFile.vhd" sub00/vhpl09 1276499944
AR id behavioral "C:/Users/georgecuris/Desktop/Folders/FPGA/Projects/Current Projects/Subsystems/OZ-3/ID.vhd" sub00/vhpl15 1276499950
AR ex behavioral "C:/Users/georgecuris/Desktop/Folders/FPGA/Projects/Current Projects/Subsystems/OZ-3/EX.vhd" sub00/vhpl17 1276499952
EN keyboard NULL "C:/Users/georgecuris/Desktop/Folders/FPGA/Projects/Current Projects/Systems/OZ-3_System/Keyboard.vhd" sub00/vhpl34 1276499973
EN regfile NULL "C:/Users/georgecuris/Desktop/Folders/FPGA/Projects/Current Projects/Subsystems/OZ-3/RegFile.vhd" sub00/vhpl08 1276499943
AR alu behavioral "C:/Users/georgecuris/Desktop/Folders/FPGA/Projects/Current Projects/Subsystems/OZ-3/ALU.vhd" sub00/vhpl05 1276499940
EN id NULL "C:/Users/georgecuris/Desktop/Folders/FPGA/Projects/Current Projects/Subsystems/OZ-3/ID.vhd" sub00/vhpl14 1276499949
EN ex NULL "C:/Users/georgecuris/Desktop/Folders/FPGA/Projects/Current Projects/Subsystems/OZ-3/EX.vhd" sub00/vhpl16 1276499951
AR wb behavioral "C:/Users/georgecuris/Desktop/Folders/FPGA/Projects/Current Projects/Subsystems/OZ-3/WB.vhd" sub00/vhpl21 1276499956
EN conditionblock NULL "C:/Users/georgecuris/Desktop/Folders/FPGA/Projects/Current Projects/Subsystems/OZ-3/ConditionBlock.vhd" sub00/vhpl06 1276499941
AR genreg behavioral "C:/Users/georgecuris/Desktop/Folders/FPGA/Projects/Current Projects/Subsystems/OZ-3/GenReg.vhd" sub00/vhpl01 1276499936
AR clock_mgt behavioral "C:/Users/georgecuris/Desktop/Folders/FPGA/Projects/Current Projects/Systems/OZ-3_System/Clock_Mgt.vhd" sub00/vhpl29 1276499964
AR memio behavioral "C:/Users/georgecuris/Desktop/Folders/FPGA/Projects/Current Projects/Subsystems/OZ-3/MEMIO.vhd" sub00/vhpl19 1276499954
EN mem_ctrl NULL "C:/Users/georgecuris/Desktop/Folders/FPGA/Projects/Current Projects/Systems/OZ-3_System/Mem_Ctrl.vhd" sub00/vhpl26 1276499961
EN four_dig_7seg NULL "C:/Users/georgecuris/Desktop/Folders/FPGA/Projects/Current Projects/Systems/OZ-3_System/four_dig_7seg.vhd" sub00/vhpl30 1276499965
AR keyboard behavioral "C:/Users/georgecuris/Desktop/Folders/FPGA/Projects/Current Projects/Systems/OZ-3_System/Keyboard.vhd" sub00/vhpl35 1276499974
AR mem_ctrl behavioral "C:/Users/georgecuris/Desktop/Folders/FPGA/Projects/Current Projects/Systems/OZ-3_System/Mem_Ctrl.vhd" sub00/vhpl27 1276499962
EN oz3_system NULL "C:/Users/georgecuris/Desktop/Folders/FPGA/Projects/Current Projects/Systems/OZ-3_System/OZ3_System.vhd" sub00/vhpl36 1276499975
EN input_port_mux NULL "C:/Users/georgecuris/Desktop/Folders/FPGA/Projects/Current Projects/Systems/OZ-3_System/Input_Port_MUX.vhd" sub00/vhpl38 1276499967
AR four_dig_7seg behavioral "C:/Users/georgecuris/Desktop/Folders/FPGA/Projects/Current Projects/Systems/OZ-3_System/four_dig_7seg.vhd" sub00/vhpl31 1276499966
AR gen_shift_reg_falling behavioral "C:/Users/georgecuris/Desktop/Folders/FPGA/Projects/Current Projects/Systems/OZ-3_System/Gen_Shift_Reg_Falling.vhd" sub00/vhpl11 1276499946
EN wb NULL "C:/Users/georgecuris/Desktop/Folders/FPGA/Projects/Current Projects/Subsystems/OZ-3/WB.vhd" sub00/vhpl20 1276499955
AR debouncer behavioral "C:/Users/georgecuris/Desktop/Folders/FPGA/Projects/Current Projects/Systems/OZ-3_System/Debouncer.vhd" sub00/vhpl33 1276499972
AR output_port_mux behavioral "C:/Users/georgecuris/Desktop/Folders/FPGA/Projects/Current Projects/Systems/OZ-3_System/Output_Port_MUX.vhd" sub00/vhpl41 1276499970
EN gen_latch_high NULL "C:/Users/georgecuris/Desktop/Folders/FPGA/Projects/Current Projects/Systems/OZ-3_System/Gen_Latch_High.vhd" sub00/vhpl42 1276239885
AR conditionblock behavioral "C:/Users/georgecuris/Desktop/Folders/FPGA/Projects/Current Projects/Subsystems/OZ-3/ConditionBlock.vhd" sub00/vhpl07 1276499942
EN oz3 NULL "C:/Users/georgecuris/Desktop/Folders/FPGA/Projects/Current Projects/Subsystems/OZ-3/OZ3.vhd" sub00/vhpl24 1276499959
EN memio NULL "C:/Users/georgecuris/Desktop/Folders/FPGA/Projects/Current Projects/Subsystems/OZ-3/MEMIO.vhd" sub00/vhpl18 1276499953
AR ifetch behavioral "C:/Users/georgecuris/Desktop/Folders/FPGA/Projects/Current Projects/Subsystems/OZ-3/IF.vhd" sub00/vhpl13 1276499948
EN debouncer NULL "C:/Users/georgecuris/Desktop/Folders/FPGA/Projects/Current Projects/Systems/OZ-3_System/Debouncer.vhd" sub00/vhpl32 1276499971
EN clock_mgt NULL "C:/Users/georgecuris/Desktop/Folders/FPGA/Projects/Current Projects/Systems/OZ-3_System/Clock_Mgt.vhd" sub00/vhpl28 1276499963
EN gen_shift_reg_falling NULL "C:/Users/georgecuris/Desktop/Folders/FPGA/Projects/Current Projects/Systems/OZ-3_System/Gen_Shift_Reg_Falling.vhd" sub00/vhpl10 1276499945
EN genregfalling NULL "C:/Users/georgecuris/Desktop/Folders/FPGA/Projects/Current Projects/Subsystems/OZ-3/GenRegFalling.vhd" sub00/vhpl02 1276499937
EN output_port_mux NULL "C:/Users/georgecuris/Desktop/Folders/FPGA/Projects/Current Projects/Systems/OZ-3_System/Output_Port_MUX.vhd" sub00/vhpl40 1276499969
AR output_pin_cntl behavioral "C:/Users/georgecuris/Desktop/Folders/FPGA/Projects/Current Projects/Subsystems/OZ-3/output_pin_cntl.vhd" sub00/vhpl23 1276499958
EN alu NULL "C:/Users/georgecuris/Desktop/Folders/FPGA/Projects/Current Projects/Subsystems/OZ-3/ALU.vhd" sub00/vhpl04 1276499939
EN genreg NULL "C:/Users/georgecuris/Desktop/Folders/FPGA/Projects/Current Projects/Subsystems/OZ-3/GenReg.vhd" sub00/vhpl00 1276499935
EN ifetch NULL "C:/Users/georgecuris/Desktop/Folders/FPGA/Projects/Current Projects/Subsystems/OZ-3/IF.vhd" sub00/vhpl12 1276499947
